------------------------------------------------------------
TimeQuest Timing Analyzer Summary
------------------------------------------------------------

Type  : Slow Model Setup 'clk'
Slack : -29.146
TNS   : -3277.227

Type  : Slow Model Hold 'clk'
Slack : 0.445
TNS   : 0.000

Type  : Slow Model Recovery 'clk'
Slack : -3.035
TNS   : -58.584

Type  : Slow Model Removal 'clk'
Slack : 1.697
TNS   : 0.000

Type  : Slow Model Minimum Pulse Width 'clk'
Slack : -2.064
TNS   : -1186.585

Type  : Slow Model Minimum Pulse Width 'altera_reserved_tck'
Slack : 97.531
TNS   : 0.000

Type  : Fast Model Setup 'clk'
Slack : -9.894
TNS   : -935.537

Type  : Fast Model Hold 'clk'
Slack : 0.215
TNS   : 0.000

Type  : Fast Model Recovery 'clk'
Slack : -0.662
TNS   : -8.667

Type  : Fast Model Removal 'clk'
Slack : 0.775
TNS   : 0.000

Type  : Fast Model Minimum Pulse Width 'clk'
Slack : -1.880
TNS   : -993.980

Type  : Fast Model Minimum Pulse Width 'altera_reserved_tck'
Slack : 97.778
TNS   : 0.000

------------------------------------------------------------
