------------------------------------------------------------
TimeQuest Timing Analyzer Summary
------------------------------------------------------------

Type  : Slow Model Setup 'clock'
Slack : -9.308
TNS   : -2819.172

Type  : Slow Model Hold 'clock'
Slack : 0.445
TNS   : 0.000

Type  : Slow Model Recovery 'clock'
Slack : -4.708
TNS   : -1503.764

Type  : Slow Model Removal 'clock'
Slack : 2.690
TNS   : 0.000

Type  : Slow Model Minimum Pulse Width 'clock'
Slack : -2.064
TNS   : -1333.643

Type  : Slow Model Minimum Pulse Width 'altera_reserved_tck'
Slack : 97.531
TNS   : 0.000

Type  : Fast Model Setup 'clock'
Slack : -2.809
TNS   : -751.002

Type  : Fast Model Hold 'clock'
Slack : 0.215
TNS   : 0.000

Type  : Fast Model Recovery 'clock'
Slack : -1.729
TNS   : -551.390

Type  : Fast Model Removal 'clock'
Slack : 1.130
TNS   : 0.000

Type  : Fast Model Minimum Pulse Width 'clock'
Slack : -1.880
TNS   : -1125.780

Type  : Fast Model Minimum Pulse Width 'altera_reserved_tck'
Slack : 97.778
TNS   : 0.000

------------------------------------------------------------
